
> react-kavia@0.1.0 start
> cross-env EDIT_MODE=true webpack serve --config .ve/webpack.config.js --mode development

<i> [webpack-dev-server] Project is running at:
<i> [webpack-dev-server] Loopback: http://localhost:3000/, http://[::1]:3000/
<i> [webpack-dev-server] On Your Network (IPv4): http://172.17.0.2:3000/
<i> [webpack-dev-server] Content not from webpack is served from './public' directory
Injecting EditorRootWrapper import: ../.ve/EditorRootWrapper
asset bundle.js 1.39 MiB [emitted] (name: main)
asset index.html 1.98 KiB [emitted]
runtime modules 27.5 KiB 14 modules
modules by path ./node_modules/ 1.24 MiB 31 modules
modules by path ./src/ 10.2 KiB
  modules by path ./src/*.css 7.49 KiB 4 modules
  modules by path ./src/*.js 2.76 KiB
    ./src/index.js 530 bytes [built] [code generated]
    ./src/App.js 2.24 KiB [built] [code generated]
modules by path ./.ve/ 15.1 KiB
  modules by path ./.ve/*.js 10.6 KiB 2 modules
  modules by path ./.ve/*.css 2.93 KiB
    ./.ve/EditorOverlay.css 2.25 KiB [built] [code generated]
    ./node_modules/css-loader/dist/cjs.js!./.ve/EditorOverlay.css 697 bytes [built] [code generated]
  ./.ve/EditorOverlay.jsx 1.58 KiB [built] [code generated]
webpack 5.99.9 compiled successfully in 1518 ms
assets by status 1.98 KiB [cached] 1 asset
assets by path *.js 1.59 MiB
  asset bundle.js 1.49 MiB [emitted] (name: main)
  asset main.c1476b5616ae11d1caae.hot-update.js 104 KiB [emitted] [immutable] [hmr] (name: main)
asset main.c1476b5616ae11d1caae.hot-update.json 28 bytes [emitted] [immutable] [hmr]
Entrypoint main 1.59 MiB = bundle.js 1.49 MiB main.c1476b5616ae11d1caae.hot-update.js 104 KiB
cached modules 1.26 MiB [cached] 41 modules
runtime modules 27.5 KiB 14 modules
javascript modules 44.7 KiB
  modules by path ./src/pages/ 25.6 KiB
    modules by path ./src/pages/*.css 11.5 KiB 6 modules
    modules by path ./src/pages/*.js 14.1 KiB 4 modules
  modules by path ./src/components/ 10 KiB
    modules by path ./src/components/*.css 6.82 KiB 4 modules
    modules by path ./src/components/*.js 3.22 KiB 2 modules
  modules by path ./src/layout/ 4.03 KiB
    ./src/layout/DashboardLayout.js 1.17 KiB [built] [code generated]
    + 2 modules
  modules by path ./src/*.js 5 KiB
    ./src/App.js 4.64 KiB [built] [code generated]
    ./src/theme.js 375 bytes [built] [code generated]
webpack 5.99.9 compiled successfully in 307 ms
assets by status 1.98 KiB [cached] 1 asset
assets by path *.js 1.5 MiB
  asset bundle.js 1.49 MiB [emitted] (name: main)
  asset main.74d2652641342792d6b5.hot-update.js 8.24 KiB [emitted] [immutable] [hmr] (name: main)
asset main.74d2652641342792d6b5.hot-update.json 28 bytes [emitted] [immutable] [hmr]
Entrypoint main 1.5 MiB = bundle.js 1.49 MiB main.74d2652641342792d6b5.hot-update.js 8.24 KiB
cached modules 1.3 MiB [cached] 61 modules
runtime modules 27.5 KiB 14 modules
./src/App.js 4.79 KiB [built] [code generated]
webpack 5.99.9 compiled successfully in 96 ms
assets by status 1.98 KiB [cached] 1 asset
assets by path *.js 1.51 MiB
  asset bundle.js 1.5 MiB [emitted] (name: main)
  asset main.6181b8d03029a3b480ca.hot-update.js 16.3 KiB [emitted] [immutable] [hmr] (name: main)
asset main.6181b8d03029a3b480ca.hot-update.json 28 bytes [emitted] [immutable] [hmr]
Entrypoint main 1.51 MiB = bundle.js 1.5 MiB main.6181b8d03029a3b480ca.hot-update.js 16.3 KiB
cached modules 1.3 MiB [cached] 61 modules
runtime modules 27.5 KiB 14 modules
javascript modules 11.1 KiB
  ./src/App.js 5.85 KiB [built] [code generated]
  ./src/api.js 5.22 KiB [built] [code generated]
webpack 5.99.9 compiled successfully in 75 ms
assets by status 1.98 KiB [cached] 1 asset
assets by path *.js 1.51 MiB
  asset bundle.js 1.5 MiB [emitted] (name: main)
  asset main.f255fbb66cf5f504fc86.hot-update.js 10.6 KiB [emitted] [immutable] [hmr] (name: main)
asset main.f255fbb66cf5f504fc86.hot-update.json 28 bytes [emitted] [immutable] [hmr]
Entrypoint main 1.51 MiB = bundle.js 1.5 MiB main.f255fbb66cf5f504fc86.hot-update.js 10.6 KiB
cached modules 1.31 MiB [cached] 62 modules
runtime modules 27.5 KiB 14 modules
./src/App.js 6.55 KiB [built] [code generated]
webpack 5.99.9 compiled successfully in 76 ms
assets by status 1.98 KiB [cached] 1 asset
assets by path *.js 1.51 MiB
  asset bundle.js 1.5 MiB [emitted] (name: main)
  asset main.131c766f47ddb89f8119.hot-update.js 8.89 KiB [emitted] [immutable] [hmr] (name: main)
asset main.131c766f47ddb89f8119.hot-update.json 28 bytes [emitted] [immutable] [hmr]
Entrypoint main 1.51 MiB = bundle.js 1.5 MiB main.131c766f47ddb89f8119.hot-update.js 8.89 KiB
cached modules 1.31 MiB [cached] 62 modules
runtime modules 27.5 KiB 14 modules
./src/pages/TicketListPage.js 5.22 KiB [built] [code generated]
webpack 5.99.9 compiled successfully in 79 ms
assets by status 1.98 KiB [cached] 1 asset
assets by path *.js 1.54 MiB
  asset bundle.js 1.52 MiB [emitted] (name: main)
  asset main.917529d486fdeaa7fb0d.hot-update.js 24 KiB [emitted] [immutable] [hmr] (name: main)
asset main.917529d486fdeaa7fb0d.hot-update.json 28 bytes [emitted] [immutable] [hmr]
Entrypoint main 1.54 MiB = bundle.js 1.52 MiB main.917529d486fdeaa7fb0d.hot-update.js 24 KiB
cached modules 1.31 MiB [cached] 62 modules
runtime modules 27.5 KiB 14 modules
javascript modules 10.7 KiB
  modules by path ./src/components/*.js 2.26 KiB
    ./src/components/Spinner.js 959 bytes [built] [code generated]
    ./src/components/ErrorMessage.js 1.33 KiB [built] [code generated]
  modules by path ./src/components/*.css 3.12 KiB
    ./src/components/Spinner.css 2.26 KiB [built] [code generated]
    ./node_modules/css-loader/dist/cjs.js!./src/components/Spinner.css 885 bytes [built] [code generated]
  ./src/pages/TicketListPage.js 5.36 KiB [built] [code generated]
webpack 5.99.9 compiled successfully in 113 ms
assets by status 1.98 KiB [cached] 1 asset
assets by path *.js 1.52 MiB
  asset bundle.js 1.52 MiB [emitted] (name: main)
  asset main.4f942f23f88280b6bf83.hot-update.js 9.33 KiB [emitted] [immutable] [hmr] (name: main)
asset main.4f942f23f88280b6bf83.hot-update.json 28 bytes [emitted] [immutable] [hmr]
Entrypoint main 1.52 MiB = bundle.js 1.52 MiB main.4f942f23f88280b6bf83.hot-update.js 9.33 KiB
cached modules 1.31 MiB [cached] 66 modules
runtime modules 27.5 KiB 14 modules
./src/pages/TicketListPage.js 5.21 KiB [built] [code generated]
webpack 5.99.9 compiled successfully in 58 ms
assets by status 1.98 KiB [cached] 1 asset
assets by path *.js 1.53 MiB
  asset bundle.js 1.52 MiB [emitted] (name: main)
  asset main.05f492a5e595ce7d8584.hot-update.js 11.1 KiB [emitted] [immutable] [hmr] (name: main)
asset main.05f492a5e595ce7d8584.hot-update.json 28 bytes [emitted] [immutable] [hmr]
Entrypoint main 1.53 MiB = bundle.js 1.52 MiB main.05f492a5e595ce7d8584.hot-update.js 11.1 KiB
cached modules 1.31 MiB [cached] 66 modules
runtime modules 27.5 KiB 14 modules
./src/App.js 6.68 KiB [built] [code generated]
webpack 5.99.9 compiled successfully in 60 ms
assets by status 1.98 KiB [cached] 1 asset
assets by path *.js 1.53 MiB
  asset bundle.js 1.52 MiB [emitted] (name: main)
  asset main.01822a27eb4918d9e3a7.hot-update.js 11.3 KiB [emitted] [immutable] [hmr] (name: main)
asset main.01822a27eb4918d9e3a7.hot-update.json 28 bytes [emitted] [immutable] [hmr]
Entrypoint main 1.53 MiB = bundle.js 1.52 MiB main.01822a27eb4918d9e3a7.hot-update.js 11.3 KiB
cached modules 1.31 MiB [cached] 66 modules
runtime modules 27.5 KiB 14 modules
./src/App.js 6.67 KiB [built] [code generated]
webpack 5.99.9 compiled successfully in 68 ms
